{"type":"environment","simulation":"U18-solana-signing-matrix","startedAt":"2026-08-24T05:25:22.693Z","node":"v24.15.0","platform":"linux 6.18.33.2-airgap-solana-module-wsl2+ x64","moduleBundle":"/home/anderson/airgap-solana-work/airgap-solana-module/dist/airgap-solana-module.bundle.js","moduleBundleSha256":"2a058bc403c7cd123ad512de01fc0a8d0fc343d18ad313a7c54f0be79d2d2900","web3Version":"1.98.4","walletAdapterCommit":"ca731858affa36fa91b593cc670747b671c4589f","repetitions":6,"warmupDiscarded":1,"measuredRepetitions":5,"caseCount":47,"thresholds":{"semanticPassRate":1,"unexpectedMutationCount":0,"unexpectedAcceptanceCount":0,"unexpectedRejectionCount":0},"sources":["solana-official-transaction-rules","anza-wallet-adapter-ca731858","solana-stackexchange-failure-shapes"],"note":"No RPC submission; all keys/blockhashes/transactions are deterministic synthetic fixtures. Forum code and third-party account data are not copied."}
{"type":"case","name":"v0-system-transfer-1","source":"official+wallet-adapter","expected":"accept","ok":true,"note":null,"medianLatencyMs":25.8886,"madLatencyMs":3.149,"bytes":217,"signerSlot":0,"requiredSigners":1,"invalidExisting":0,"error":null}
{"type":"case","name":"v0-system-transfer-zero","source":"official","expected":"accept","ok":true,"note":null,"medianLatencyMs":18.1181,"madLatencyMs":4.4259,"bytes":217,"signerSlot":0,"requiredSigners":1,"invalidExisting":0,"error":null}
{"type":"case","name":"v0-system-transfer-max-safe-int","source":"official","expected":"accept","ok":true,"note":null,"medianLatencyMs":19.2143,"madLatencyMs":5.913,"bytes":217,"signerSlot":0,"requiredSigners":1,"invalidExisting":0,"error":null}
{"type":"case","name":"legacy-system-transfer","source":"official+wallet-adapter","expected":"accept","ok":true,"note":null,"medianLatencyMs":19.3432,"madLatencyMs":1.5186,"bytes":215,"signerSlot":0,"requiredSigners":1,"invalidExisting":0,"error":null}
{"type":"case","name":"v0-compute-limit-transfer","source":"forum-priority-fee","expected":"accept","ok":true,"note":null,"medianLatencyMs":18.6497,"madLatencyMs":0.3845,"bytes":257,"signerSlot":0,"requiredSigners":1,"invalidExisting":0,"error":null}
{"type":"case","name":"v0-compute-price-transfer","source":"forum-priority-fee","expected":"accept","ok":true,"note":null,"medianLatencyMs":20.8729,"madLatencyMs":8.4555,"bytes":261,"signerSlot":0,"requiredSigners":1,"invalidExisting":0,"error":null}
{"type":"case","name":"v0-compute-both-transfer","source":"forum-priority-fee","expected":"accept","ok":true,"note":null,"medianLatencyMs":23.7661,"madLatencyMs":4.8763,"bytes":269,"signerSlot":0,"requiredSigners":1,"invalidExisting":0,"error":null}
{"type":"case","name":"v0-memo-empty","source":"forum-phantom-rpc","expected":"accept","ok":true,"note":null,"medianLatencyMs":20.0236,"madLatencyMs":6.428,"bytes":171,"signerSlot":0,"requiredSigners":1,"invalidExisting":0,"error":null}
{"type":"case","name":"v0-memo-text","source":"forum-phantom-rpc","expected":"accept","ok":true,"note":null,"medianLatencyMs":16.2953,"madLatencyMs":4.6425,"bytes":197,"signerSlot":0,"requiredSigners":1,"invalidExisting":0,"error":null}
{"type":"case","name":"legacy-memo-text","source":"forum-phantom-rpc","expected":"accept","ok":true,"note":null,"medianLatencyMs":20.6111,"madLatencyMs":5.7804,"bytes":175,"signerSlot":0,"requiredSigners":1,"invalidExisting":0,"error":null}
{"type":"case","name":"v0-stake-deactivate","source":"project+official","expected":"accept","ok":true,"note":null,"medianLatencyMs":16.5033,"madLatencyMs":1.0056,"bytes":282,"signerSlot":0,"requiredSigners":1,"invalidExisting":0,"error":null}
{"type":"case","name":"v0-stake-withdraw","source":"project+official","expected":"accept","ok":true,"note":null,"medianLatencyMs":18.2735,"madLatencyMs":1.8201,"bytes":316,"signerSlot":0,"requiredSigners":1,"invalidExisting":0,"error":null}
{"type":"case","name":"v0-token-swap-v3-deposit","source":"project+pancake-raydium-source-to-wire","expected":"accept","ok":true,"note":null,"medianLatencyMs":18.1975,"madLatencyMs":5.8386,"bytes":197,"signerSlot":0,"requiredSigners":1,"invalidExisting":0,"error":null}
{"type":"case","name":"v0-custom-program-small","source":"official-unknown-program-policy","expected":"accept","ok":true,"note":null,"medianLatencyMs":22.533,"madLatencyMs":2.044,"bytes":176,"signerSlot":0,"requiredSigners":1,"invalidExisting":0,"error":null}
{"type":"case","name":"v0-custom-program-256-bytes","source":"adversarial-size","expected":"accept","ok":true,"note":null,"medianLatencyMs":20.6355,"madLatencyMs":6.1035,"bytes":429,"signerSlot":0,"requiredSigners":1,"invalidExisting":0,"error":null}
{"type":"case","name":"v0-multisig-local-first-other-empty","source":"forum-partial-sign","expected":"accept","ok":true,"note":null,"medianLatencyMs":18.1936,"madLatencyMs":2.8319,"bytes":272,"signerSlot":0,"requiredSigners":2,"invalidExisting":0,"error":null}
{"type":"case","name":"v0-multisig-local-second-other-empty","source":"forum-partial-sign","expected":"accept","ok":true,"note":null,"medianLatencyMs":19.7556,"madLatencyMs":3.6036,"bytes":272,"signerSlot":1,"requiredSigners":2,"invalidExisting":0,"error":null}
{"type":"case","name":"v0-multisig-local-second-other-presigned","source":"forum-partial-sign","expected":"accept","ok":true,"note":null,"medianLatencyMs":16.8436,"madLatencyMs":2.4051,"bytes":272,"signerSlot":1,"requiredSigners":2,"invalidExisting":0,"error":null}
{"type":"case","name":"v0-multisig-local-first-other-presigned","source":"forum-partial-sign","expected":"accept","ok":true,"note":null,"medianLatencyMs":27.9361,"madLatencyMs":9.7635,"bytes":272,"signerSlot":0,"requiredSigners":2,"invalidExisting":0,"error":null}
{"type":"case","name":"legacy-multisig-local-second-other-presigned","source":"forum-partial-sign","expected":"accept","ok":true,"note":null,"medianLatencyMs":39.0473,"madLatencyMs":4.5977,"bytes":270,"signerSlot":1,"requiredSigners":2,"invalidExisting":0,"error":null}
{"type":"case","name":"v0-alt-readonly","source":"forum-alt-resolution","expected":"accept","ok":true,"note":null,"medianLatencyMs":30.9001,"madLatencyMs":7.2387,"bytes":215,"signerSlot":0,"requiredSigners":1,"invalidExisting":0,"error":null}
{"type":"case","name":"v0-alt-writable","source":"forum-alt-resolution","expected":"accept","ok":true,"note":null,"medianLatencyMs":22.3527,"madLatencyMs":7.9849,"bytes":215,"signerSlot":0,"requiredSigners":1,"invalidExisting":0,"error":null}
{"type":"case","name":"v0-alt-30-loaded-addresses","source":"forum-alt-resolution","expected":"accept","ok":true,"note":null,"medianLatencyMs":27.0753,"madLatencyMs":3.2017,"bytes":269,"signerSlot":0,"requiredSigners":1,"invalidExisting":0,"error":null}
{"type":"case","name":"v0-alt-signer-remains-static","source":"official-alt-signer-rule","expected":"accept","ok":true,"note":null,"medianLatencyMs":17.3761,"madLatencyMs":5.1735,"bytes":306,"signerSlot":1,"requiredSigners":2,"invalidExisting":0,"error":null}
{"type":"case","name":"v0-durable-nonce-first","source":"forum-blockhash-nonce","expected":"accept","ok":true,"note":null,"medianLatencyMs":16.2808,"madLatencyMs":3.0637,"bytes":291,"signerSlot":0,"requiredSigners":1,"invalidExisting":0,"error":null}
{"type":"case","name":"v0-durable-nonce-compute-after","source":"forum-blockhash-nonce","expected":"accept","ok":true,"note":null,"medianLatencyMs":17.4756,"madLatencyMs":0.6045,"bytes":331,"signerSlot":0,"requiredSigners":1,"invalidExisting":0,"error":null}
{"type":"case","name":"v0-compute-before-durable-nonce-structurally-signable","source":"forum-blockhash-nonce","expected":"accept","ok":true,"note":"signable bytes; network nonce semantics may reject ordering","medianLatencyMs":19.983,"madLatencyMs":1.8738,"bytes":331,"signerSlot":0,"requiredSigners":1,"invalidExisting":0,"error":null}
{"type":"case","name":"v0-duplicate-account-meta-dedup","source":"adversarial-account-order","expected":"accept","ok":true,"note":null,"medianLatencyMs":21.5095,"madLatencyMs":6.0673,"bytes":240,"signerSlot":0,"requiredSigners":1,"invalidExisting":0,"error":null}
{"type":"case","name":"v0-32-static-extra-accounts","source":"official-account-index-limit","expected":"accept","ok":true,"note":null,"medianLatencyMs":21.7404,"madLatencyMs":1.7077,"bytes":1229,"signerSlot":0,"requiredSigners":1,"invalidExisting":0,"error":null}
{"type":"case","name":"v0-10-required-signers-local-last","source":"forum-multisigner","expected":"accept","ok":true,"note":null,"medianLatencyMs":37.3931,"madLatencyMs":7.4583,"bytes":1048,"signerSlot":9,"requiredSigners":10,"invalidExisting":0,"error":null}
{"type":"case","name":"v0-already-local-signed-idempotent","source":"adversarial-idempotence","expected":"accept","ok":true,"note":null,"medianLatencyMs":47.1913,"madLatencyMs":6.4387,"bytes":217,"signerSlot":0,"requiredSigners":1,"invalidExisting":0,"error":null}
{"type":"case","name":"v0-stale-cosig-after-blockhash-mutation","source":"forum-blockhash-mutation","expected":"accept","ok":true,"note":"signer preserves stale co-signature; external verifier detects it","medianLatencyMs":31.0555,"madLatencyMs":9.458,"bytes":272,"signerSlot":1,"requiredSigners":2,"invalidExisting":1,"error":null}
{"type":"case","name":"v0-stale-cosig-after-instruction-mutation","source":"forum-signature-verification","expected":"accept","ok":true,"note":"message mutation invalidates prior signature by design","medianLatencyMs":28.081,"madLatencyMs":10.5629,"bytes":272,"signerSlot":1,"requiredSigners":2,"invalidExisting":1,"error":null}
{"type":"case","name":"v0-compute-plus-token-swap-v3","source":"pancake-raydium-source-to-wire","expected":"accept","ok":true,"note":null,"medianLatencyMs":30.5186,"madLatencyMs":12.7608,"bytes":249,"signerSlot":0,"requiredSigners":1,"invalidExisting":0,"error":null}
{"type":"case","name":"v0-create-account-local-second","source":"forum-missing-signer","expected":"accept","ok":true,"note":null,"medianLatencyMs":25.8059,"madLatencyMs":8.1979,"bytes":321,"signerSlot":1,"requiredSigners":2,"invalidExisting":0,"error":null}
{"type":"case","name":"legacy-create-account-local-second","source":"forum-missing-signer","expected":"accept","ok":true,"note":null,"medianLatencyMs":44.1947,"madLatencyMs":4.7821,"bytes":319,"signerSlot":1,"requiredSigners":2,"invalidExisting":0,"error":null}
{"type":"case","name":"v0-nonce-authority-local-second","source":"forum-blockhash-nonce","expected":"accept","ok":true,"note":null,"medianLatencyMs":26.8218,"madLatencyMs":12.406,"bytes":338,"signerSlot":1,"requiredSigners":2,"invalidExisting":0,"error":null}
{"type":"case","name":"v0-readonly-account-pressure","source":"official-account-index-limit","expected":"accept","ok":true,"note":null,"medianLatencyMs":43.5797,"madLatencyMs":13.949,"bytes":965,"signerSlot":0,"requiredSigners":1,"invalidExisting":0,"error":null}
{"type":"case","name":"reject-wrong-signer-key","source":"forum-missing-signer","expected":"reject","ok":true,"note":null,"medianLatencyMs":2.133,"madLatencyMs":0.2913,"bytes":217,"signerSlot":null,"requiredSigners":null,"invalidExisting":null,"error":null}
{"type":"case","name":"reject-truncated-transaction","source":"adversarial-malformed","expected":"reject","ok":true,"note":null,"medianLatencyMs":0.6421,"madLatencyMs":0.0583,"bytes":200,"signerSlot":null,"requiredSigners":null,"invalidExisting":null,"error":null}
{"type":"case","name":"reject-random-bytes","source":"adversarial-malformed","expected":"reject","ok":true,"note":null,"medianLatencyMs":0.0246,"madLatencyMs":0.0016,"bytes":16,"signerSlot":null,"requiredSigners":null,"invalidExisting":null,"error":null}
{"type":"case","name":"reject-empty-bytes","source":"adversarial-malformed","expected":"reject","ok":true,"note":null,"medianLatencyMs":0.0148,"madLatencyMs":0.0012,"bytes":0,"signerSlot":null,"requiredSigners":null,"invalidExisting":null,"error":null}
{"type":"case","name":"reject-message-only-v0","source":"solflare-message-envelope-boundary","expected":"reject","ok":true,"note":null,"medianLatencyMs":0.0538,"madLatencyMs":0.0009,"bytes":152,"signerSlot":null,"requiredSigners":null,"invalidExisting":null,"error":null}
{"type":"case","name":"reject-31-byte-secret-seed","source":"module-contract","expected":"reject","ok":true,"note":null,"medianLatencyMs":0.0207,"madLatencyMs":0.0005,"bytes":217,"signerSlot":null,"requiredSigners":null,"invalidExisting":null,"error":null}
{"type":"case","name":"reject-33-byte-secret-seed","source":"module-contract","expected":"reject","ok":true,"note":null,"medianLatencyMs":0.0247,"madLatencyMs":0.0021,"bytes":217,"signerSlot":null,"requiredSigners":null,"invalidExisting":null,"error":null}
{"type":"case","name":"reject-unsupported-message-version","source":"adversarial-malformed-version","expected":"reject","ok":true,"note":null,"medianLatencyMs":0.1085,"madLatencyMs":0.0083,"bytes":217,"signerSlot":null,"requiredSigners":null,"invalidExisting":null,"error":null}
{"type":"case","name":"reject-corrupt-signature-count","source":"adversarial-malformed-signatures","expected":"reject","ok":true,"note":null,"medianLatencyMs":0.3615,"madLatencyMs":0.0375,"bytes":217,"signerSlot":null,"requiredSigners":null,"invalidExisting":null,"error":null}
{"type":"summary","finishedAt":"2026-08-24T05:25:32.412Z","caseCount":47,"passCount":47,"failCount":0,"expectedRejectionCount":9,"semanticPassRate":1,"medianCaseLatencyMs":19.983,"madCaseLatencyMs":3.7831,"status":"SIMULATION_PASS"}
SIMULATION_PASS
