U27_BINARY_HOMOLOGATION_STATUS=BLOCKED_HUMAN_LICENSE
project=airgap-vault-kaizou
release_tag=airgap-vault-kaizou-1.1.3
contract_version=32
profile=work
executor_role=android-lab
module_version=0.1.7
module_zip_sha256=5032d045cd0e93bcb2a6a666bf4213add2f787fd70da79a0f431927916fded0c
module_bundle_sha256=89da228dc516532a7470cf2bcc60734fc6a31c8b3c5456618f77688d67c026a9
module_signature_gate=PASS
module_legal_hash_gate=PASS
release_contract_gate=PASS
node14_dependency_gate=FAIL bip32@5.0.0-rc.0 requires node>=18
node22_22_1_yarn_1_22_19_install=PASS
web_prod_build=PASS
capacitor_sync_android=PASS
static_module_staging=PASS
gradle_version=8.6
android_gradle_plugin=8.4.0
jdk=17.0.20
gradle_required_build_tools=34.0.0
gradle_required_platform=android-35
android_sdk_license_gate=BLOCKED_NOT_ACCEPTED
apk_generated=NO
android_runtime_gate=NOT_RUN
publication_gate=NOT_RUN
telemetry_tokens=indisponivel
telemetry_cost=indisponivel
note=Android SDK license acceptance requires an authorized adult/organization representative; agent did not accept it and did not install google-android-licenses.
