unit=U28-monero-protocol-research
project_contract_from=33
project_contract_to=34
classification=protocol_research_and_oracle_pinning
implementation=NOT_STARTED_BY_DESIGN
monero_source_tag=v0.18.5.1
monero_source_commit=4f92268d7c16741cfb41e5bbe2aa46cc260a9ea5
monero_linux_x64_archive_sha256=22a7dda7b0cb699fdd6b7674c3b4a4465b337cc98a54983523b759e1e7cc9958
monero_wallet_cli_sha256=34c2a49d6d4d426062bc0c2a18bcba4bf372edfa410bbfbedfabfd2af94e74b4
monero_hashes_signer_fingerprint=81AC591FE9C4B65C5806AFC3F0AF4D462A0BDF92
monero_hashes_gpg_verify=PASS
monero_wallet_cli_version=v0.18.5.1-release
feather_source_tag=2.8.1
feather_source_commit=51dc8ed04f0fc4cead2e867a249c32bd3e3b8126
feather_linux_archive_sha256=4779c57e9443f7755add3c2414447d1593ebe06998e39a9f765deab5bd64c466
feather_release_signer_fingerprint=8185E158A33330C7FD61BC0D1F76E155CEFBA71C
feather_detached_signature_verify=PASS
ur_outputs=xmr-output
ur_key_images=xmr-keyimage
ur_unsigned_tx=xmr-txunsigned
ur_signed_tx=xmr-txsigned
wallet2_outputs_magic_hex=4d6f6e65726f206f7574707574206578706f727404
wallet2_key_images_magic_hex=4d6f6e65726f206b657920696d616765206578706f727403
wallet2_unsigned_tx_magic_hex=4d6f6e65726f20756e7369676e65642074782073657405
wallet2_signed_tx_magic_hex=4d6f6e65726f207369676e65642074782073657405
choreography=outputs_to_offline,key_images_to_online,unsigned_tx_to_offline,signed_tx_to_online
secret_spend_key_offline_only=REQUIRED
vault_network_access=FORBIDDEN
vault_broadcast=FORBIDDEN
external_oracle_acceptance=REQUIRED_FOR_FINAL_SIGNING
MONERO_PROTOCOL_RESEARCH_PASS=PASS
contract_gate=PASS
reference_oracles=PASS
structure=PASS
nonregression=PASS
entries_948_949_950_951=ACCEPTED
U28_ACCEPTANCE=PASS
