unit=U29-monero-transport-parser
contract_version=34
service=src/app/services/monero-airgap/monero-airgap.service.ts
spec=src/app/services/monero-airgap/monero-airgap.service.spec.ts
karma_expected=11
karma_result=PASS_11_OF_11
roundtrip_xmr_output=PASS
roundtrip_xmr_keyimage=PASS
roundtrip_xmr_txunsigned=PASS
roundtrip_xmr_txsigned=PASS
byte_equality=PASS
fountain_reverse_order_duplicate_frames=PASS
ur_type_magic_coherence=PASS
unsupported_ur_type_rejection=PASS
incomplete_stream_rejection=PASS
unknown_magic_rejection=PASS
official_legacy_outputs_v3_sha256=09d163851d28f2572925c5d77aa7b02091c63f8a2df68567ecbf38ad38adb694
official_legacy_unsigned_v3_sha256=f1a1e519b7f31a38e62b5bb68b323888c44f057cec888e9bf90ce843863e0f6f
official_legacy_signed_v3_sha256=94d4b8df1469fa357a1a6db17303114d6261d36267ec0b7ebf5ffb870096361a
official_legacy_outputs_v3_rejection=PASS
official_legacy_unsigned_v3_rejection=PASS
official_legacy_signed_v3_rejection=PASS
signer_implemented=NO_BY_SCOPE
network_access_added=NO
broadcast_added=NO
MONERO_TRANSPORT_PARSER_PASS=PASS
