unit=U30-monero-scanner-routing
contract_version=34
monero_service_collection_progress=PASS
monero_service_karma=PASS_13_OF_13
scanner_iac_solflare_regression=PASS
scanner_xmr_not_forwarded_to_iac=PASS
scanner_xmr_partial_progress=PASS
scanner_xmr_complete_review_route=PASS
scanner_xmr_rejection_no_iac_fallback=PASS
scanner_karma=PASS_4_OF_4
review_page_metadata_only=PASS
review_page_sha256=PASS
review_page_signing_enabled=false
review_page_sign_method=ABSENT
review_page_continue_method=ABSENT
review_page_approved_method=ABSENT
review_page_karma=PASS_3_OF_3
signer_implemented=NO_BY_SCOPE
network_access_added=NO
broadcast_added=NO
MONERO_SCANNER_ROUTING_PASS=PASS
nonregression_surface_gate=PASS_23_DECLARED_PRODUCT_FILES
nonregression_existing_iac_path=PASS
nonregression_existing_solflare_guards=PASS
nonregression_monero_no_network=PASS
nonregression_monero_no_signer=PASS
structure=PASS
oracle_contract=PASS
U30_ACCEPTANCE=PASS
