unit=U31-monero-cake-feather-keystone3-study
contract_version=34
classification=source_study_license_audit_and_protocol_simulation
external_code_copied_into_apk=NO
cake_version=v6.4.1
cake_commit=8f38ba6b171a966c56897f0d32077c3ac4d51420
cake_license=MIT
cake_cw_monero_license=MIT
cake_monero_c_commit=3bfb3856a838f2bf6b729501837bb0295dedf25d
cake_monero_c_license=LGPL-3.0
cake_bc_ur_dart_commit=5738f70d0ec3d50977ac3dd01fed62939600238b
cake_bc_ur_dart_license=MIT
cake_bc_ur_cpp_commit=d82e7c753e710b8000706dc3383b498438795208
cake_bc_ur_cpp_license=BSD-2-Clause-Patent
feather_version=2.8.1
feather_commit=51dc8ed04f0fc4cead2e867a249c32bd3e3b8126
feather_license=BSD-3-Clause
keystone3_version=3.0.0
keystone3_commit=7f2c4423df824c1054efe125be9662cdbf6767b8
keystone3_build=Cypherpunk_Monero
keystone3_root_license=MIT
keystone_ur_registry_version=1.0.5
keystone_ur_registry_source_commit=284c0da7c82de3c05ca7928729395aafe4d7220d
keystone_ur_registry_license=MIT
keystone_serai_commit=c784e6c6fcd6cfd8ac88cdd0d467184aeefaf810
keystone_monero_serai_license=MIT
keystone_monero_wallet_license=MIT
keystone_cuprate_commit=8ae09c3d83eb1a48050d7f46dc9ed5e0c6feedca
keystone_cuprate_cryptonight_license=MIT
keystone_mh1903_qrdecode_source=PRECOMPILED_IP_RESTRICTED_DO_NOT_IMPORT
license_source_audit=PASS
source_pinning=PASS
pairing_public_keystone_to_cake=PASS_PROTOCOL_UI_GATED
pairing_public_keystone_to_feather=PASS_WITH_UX_CAVEAT
pairing_feather_json_to_cake=PASS
pairing_private_keystone_to_cake=BLOCKED_NO_DECRYPT_PATH_FOUND
pairing_private_keystone_to_feather=BLOCKED_NO_DECRYPT_PATH_FOUND
xmr_output_wire=PASS_THREE_WAY
xmr_keyimage_wire=PASS_THREE_WAY
xmr_txunsigned_wire=PASS_THREE_WAY
xmr_txsigned_wire=PASS_THREE_WAY
cbor_envelope=BYTE_STRING_THREE_WAY
wallet2_bytes_translation_required=NO
wire_roundtrip_simulation=PASS_4_OF_4
cake_keystone_ui_status=COMING_SOON_IN_V6.4.1
kaizou_transport_compatibility=PASS
kaizou_monero_signer=NOT_IMPLEMENTED
license_recommendation=PROTOCOL_INTEROP_PREFERRED;DO_NOT_VENDOR_MONERO_C_WITHOUT_LGPL_DESIGN;DO_NOT_IMPORT_MH1903_PRECOMPILED_LIBRARY
visual_report=reports/airgap-vault-kaizou-monero-compatibility.html
visual_report_sha256=44c585a4a9b99a1c3c0521b28607857e6b79bf82912b6ee22a6d4fbae0350eb3
MONERO_THREE_WAY_STUDY_PASS=PASS
