unit=U32-monero-keystone-public-pairing-isolated
contract_version=34
baseline_u31=0c14f3cc53ff59e6978d4fffd7b1253dcb024b09
public_pairing_parser=PASS
public_pairing_shape_version0=PASS
primary_address_shape=PASS_95_BASE58
private_view_key_shape=PASS_32_BYTE_HEX
private_view_key_display=ABSENT
private_view_key_log=ABSENT
private_pairing_encrypted_qr=REJECTED_BY_DESIGN
feather_walletName_extension=PASS
ordinary_iac_sol_sign_candidate=NOT_CLASSIFIED_AS_MONERO_PAIRING
pairing_service_karma=PASS_9_OF_9
pairing_page_karma=PASS_4_OF_4
pairing_page_iac_service=ABSENT
pairing_page_navigation_service=ABSENT
pairing_page_transaction_service=ABSENT
pairing_page_wallet_service=ABSENT
pairing_route=ADDITIVE_LAZY_ONLY
shared_tab_scan_method_change=NO
shared_navigation_method_change=NO
shared_iac_method_change=NO
shared_transaction_method_change=NO
shared_runtime_baseline_guard=PASS
package_json_change=NO
yarn_lock_change=NO
new_external_dependency=NO
license_source_audit=PASS_REUSED_U31_PINS
structure=PASS
nonregression=PASS
signer=NOT_IMPLEMENTED
broadcast=NOT_IMPLEMENTED
wallet_mutation=NOT_IMPLEMENTED
MONERO_PUBLIC_PAIRING_ISOLATED_PASS=PASS
